// Vitest Snapshot v1

exports[`molecules::NodeConnectSwitch > renders without exploding 1`] = `
<DocumentFragment>
  <div
    class="mantine-15po0m8"
  >
    <div
      class="mantine-1d0mff5"
    >
      <button
        class="mantine-m2616v"
        role="tab"
        tabindex="-1"
        type="button"
      >
        <div
          class="mantine-199rwtt"
        >
          <div
            class="mantine-b2d3ff"
          >
            Current
          </div>
          <div
            class="mantine-prfd4k"
          >
            <svg
              height="62px"
              viewBox="0 0 32 62"
              width="32px"
              xmlns="http://www.w3.org/2000/svg"
            >
              <title>
                server
              </title>
              <path
                d="m31.6 25.8v34.5c0 1-0.9 1.7-2 1.7h-27.6c-1.2 0-2-0.7-2-1.7v-34.5c0-1 0.8-1.7 2-1.7h27.6c1.1 0 2 0.7 2 1.7zm-6.9 8.8c0.6 0 1-0.3 1-0.8v-4.1c0-0.5-0.4-0.8-1-0.8h-17.8c-0.6 0-1 0.3-1 0.8v4.1c0 0.5 0.4 0.8 1 0.8zm1 4c0-0.5-0.4-0.8-1-0.8h-17.8c-0.5 0-0.9 0.3-0.9 0.8v4c0 0.5 0.4 0.9 0.9 0.9h17.8c0.6 0 1-0.4 1-0.9zm-11.8 10.2c0 1.1 0.8 2 1.9 2 1.1 0 2-0.9 2-2 0-1.1-0.9-1.9-2-1.9-1.1 0-1.9 0.8-1.9 1.9zm0 6.9c0 1.1 0.8 2 1.9 2 1.1 0 2-0.9 2-2 0-1.1-0.9-2-2-2-1.1 0-1.9 0.9-1.9 2z"
                fill="currentColor"
                fill-rule="evenodd"
                id="Layer"
              />
              <path
                d="m5.4 5.8l4.1-3.8 4.1 3.8m-4.1 8.5v-12m17.3 8.5l-4.1 3.8-4.1-3.8m4.1-8.5v12.1"
                id="Layer"
                stroke="currentColor"
                stroke-linecap="round"
                stroke-width="2"
              />
            </svg>
          </div>
          <div
            class="mantine-1wlt8yk"
          >
            Local Node
          </div>
        </div>
      </button>
      <button
        class="mantine-m2616v"
        role="tab"
        tabindex="-1"
        type="button"
      >
        <div
          class="mantine-199rwtt"
        >
          <div
            class="mantine-prfd4k"
          >
            <svg
              fill="none"
              height="54px"
              viewBox="0 0 58 54"
              width="58px"
              xmlns="http://www.w3.org/2000/svg"
            >
              <path
                clip-rule="evenodd"
                d="M43.8339 7.56984C41.5907 3.08354 36.9294 0 31.5427 0C25.2052 0 19.8717 4.2683 18.299 10.0676C17.5276 9.7233 16.672 9.53174 15.7714 9.53174C12.8205 9.53174 10.3534 11.588 9.74421 14.3362C9.47095 14.3111 9.19411 14.2983 8.91425 14.2983C3.99105 14.2983 0 18.2611 0 23.1493C0 28.0376 3.99105 32.0003 8.91425 32.0003C8.95701 32.0003 8.99969 32 9.0423 31.9994H45.1782L45.257 31.9996C52.0737 31.9996 57.5998 26.5128 57.5998 19.7444C57.5998 12.9761 52.0737 7.48926 45.257 7.48926C44.7757 7.48926 44.3008 7.51661 43.8339 7.56984Z"
                fill="currentColor"
                fill-rule="evenodd"
              />
              <path
                d="M26.2105 43.7896L22.1053 40.0001L18 43.7896"
                stroke="currentColor"
                stroke-linecap="round"
                stroke-width="2"
              />
              <path
                d="M22.1052 52.316V40.2739"
                stroke="currentColor"
                stroke-linecap="round"
                stroke-width="2"
              />
              <path
                d="M39.4713 48.8423L35.366 52.6318L31.2607 48.8423"
                stroke="currentColor"
                stroke-linecap="round"
                stroke-width="2"
              />
              <path
                d="M35.366 40.3158V52.3579"
                stroke="currentColor"
                stroke-linecap="round"
                stroke-width="2"
              />
            </svg>
          </div>
          <div
            class="mantine-1wlt8yk"
          >
            Remote Node
          </div>
        </div>
      </button>
    </div>
  </div>
</DocumentFragment>
`;
