// Vitest Snapshot v1

exports[`atoms::DetailItem > renders without exploding 1`] = `
<DocumentFragment>
  <div
    class="mantine-Stack-root mantine-DetailItem-root mantine-fpp2be"
  >
    <div
      class="mantine-Text-root mantine-DetailItem-label mantine-8r3ub3"
    >
      Label
    </div>
    <div
      class="mantine-Text-root mantine-DetailItem-content mantine-m3tadk"
    >
      Content
    </div>
  </div>
</DocumentFragment>
`;
