// Vitest Snapshot v1

exports[`molecules::WalletBalance > renders after loading data 1`] = `
<DocumentFragment>
  <div
    class="mantine-Group-root mantine-cvr2kw"
  >
    <div
      class="mantine-Stack-root mantine-Group-child mantine-1vgxq13"
    >
      <div
        class="mantine-Text-root mantine-hbkn2v"
      >
        Available Balance
      </div>
      <div
        class="mantine-Text-root mantine-1swgem8"
      >
        0.00
      </div>
    </div>
    <div
      class="mantine-Stack-root mantine-Group-child mantine-1vgxq13"
    >
      <div
        class="mantine-Text-root mantine-hbkn2v"
      >
        Locked Funds
      </div>
      <div
        class="mantine-Text-root mantine-1swgem8"
      >
        12.00
      </div>
    </div>
    <div
      class="mantine-Stack-root mantine-Group-child mantine-1vgxq13"
    >
      <div
        class="mantine-Text-root mantine-hbkn2v"
      >
        Reserved Funds
      </div>
      <div
        class="mantine-Text-root mantine-1swgem8"
      >
        0.00
      </div>
    </div>
  </div>
</DocumentFragment>
`;

exports[`molecules::WalletBalance > renders loading state 1`] = `
<DocumentFragment>
  <div
    class="mantine-Group-root mantine-cvr2kw"
  >
    <div
      class="mantine-Stack-root mantine-Group-child mantine-1vgxq13"
    >
      <div
        class="mantine-Text-root mantine-hbkn2v"
      >
        Available Balance
      </div>
      <div
        class="mantine-Text-root mantine-1swgem8"
      >
        0.00
      </div>
    </div>
    <div
      class="mantine-Stack-root mantine-Group-child mantine-1vgxq13"
    >
      <div
        class="mantine-Text-root mantine-hbkn2v"
      >
        Locked Funds
      </div>
      <div
        class="mantine-Text-root mantine-1swgem8"
      >
        12.00
      </div>
    </div>
    <div
      class="mantine-Stack-root mantine-Group-child mantine-1vgxq13"
    >
      <div
        class="mantine-Text-root mantine-hbkn2v"
      >
        Reserved Funds
      </div>
      <div
        class="mantine-Text-root mantine-1swgem8"
      >
        0.00
      </div>
    </div>
  </div>
</DocumentFragment>
`;
