// Vitest Snapshot v1

exports[`organisms::MoneroBalance > renders without exploding. 1`] = `
<DocumentFragment>
  <div
    class="mantine-Group-root mantine-3iq866"
  >
    <svg
      class="mantine-Group-child mantine-154defe"
      fill="none"
      height="1em"
      id="monero-icon"
      viewBox="0 0 32 32"
      width="1em"
      xmlns="http://www.w3.org/2000/svg"
    >
      <g
        clip-path="url(#clip0_2924_33103)"
      >
        <path
          d="M15.9979 0C7.16414 0 -0.0112325 7.17316 1.32008e-05 15.9979C0.00222827 17.7635 0.283798 19.4618 0.812262 21.0505H5.5992V7.59219L15.9979 17.9897L26.3961 7.59219V21.0507H31.1841C31.7133 19.4622 31.9934 17.7638 31.9966 15.9982C32.0117 7.16422 24.8326 0.00212965 15.9979 0.00212965V0Z"
          fill="#111111"
        />
        <path
          d="M13.6084 20.3801L9.0703 15.8423V24.3109H5.60074L2.32678 24.3115C5.13506 28.9184 10.2103 32 15.9998 32C21.7893 32 26.8648 28.9177 29.6736 24.3108H22.9283V15.8423L18.39 20.3801L15.9993 22.7705L13.6086 20.3801H13.6084Z"
          fill="#111111"
        />
      </g>
      <defs>
        <clippath
          id="clip0_2924_33103"
        >
          <rect
            fill="white"
            height="32"
            width="32"
          />
        </clippath>
      </defs>
    </svg>
    <div
      class="mantine-Group-root mantine-Group-child mantine-1gdejmd"
    >
      <div
        class="mantine-Stack-root mantine-DetailItem-root mantine-Group-child mantine-2d5onn"
      >
        <div
          class="mantine-Text-root mantine-DetailItem-label mantine-8r3ub3"
        >
          Balance
        </div>
        <div
          class="mantine-Text-root mantine-DetailItem-content mantine-m3tadk"
        >
          10.20
        </div>
      </div>
    </div>
  </div>
</DocumentFragment>
`;
