// Vitest Snapshot v1

exports[`molecules::ReadyToUse > renders without exploding 1`] = `
<DocumentFragment>
  <div
    class="mantine-Stack-root mantine-lfk3cq"
  >
    <h1
      class="mantine-Title-root mantine-1krktmh"
    >
      Haveno is ready for use.
    </h1>
    <div
      class="mantine-Text-root mantine-8at25l"
    >
      Youâ€™ve succesfully set up Haveno. Please note that to be able to trade, you need to deposit Monero in your Haveno wallet and set up a payment account.
    </div>
    <div
      class="mantine-63n06h"
    />
    <div
      class="mantine-Group-root mantine-19jxmdp"
    >
      <button
        class="mantine-Button-filled mantine-Button-root mantine-Group-child mantine-1hjgevl"
        type="submit"
      >
        <div
          class="mantine-3xbgk5 mantine-Button-inner"
        >
          <span
            class="mantine-qo1k2 mantine-Button-label"
          >
            Start using Haveno
          </span>
        </div>
      </button>
    </div>
  </div>
</DocumentFragment>
`;
