// Vitest Snapshot v1

exports[`molecules::MarketOffersPaymentMethodsTable > renders without exploding 1`] = `
<DocumentFragment>
  <table
    class="mantine-Table-root __mantine-ref-striped mantine-Table-striped mantine-6859xh"
  >
    <thead>
      <tr>
        <th
          colspan="1"
          style="width: 30px;"
        >
           
        </th>
        <th
          colspan="1"
          style="width: 300px;"
        >
          Method
        </th>
        <th
          colspan="1"
          style="width: 400px;"
        >
          Rate Trade Limit
        </th>
        <th
          colspan="1"
          style="width: 400px; text-align: right;"
        >
          Info
        </th>
      </tr>
    </thead>
    <tbody>
      <tr>
        <td
          style="width: 30px;"
        >
          <div
            class="mantine-Checkbox-root mantine-16ttirm"
          >
            <div
              class="mantine-qbjb2s mantine-Checkbox-inner"
            >
              <input
                class="mantine-1mvrtfa mantine-Checkbox-input"
                id="methodChecked-0"
                type="checkbox"
              />
              <svg
                class="__mantine-ref-icon mantine-180iq9w mantine-Checkbox-icon"
                fill="none"
                viewBox="0 0 10 7"
                xmlns="http://www.w3.org/2000/svg"
              >
                <path
                  clip-rule="evenodd"
                  d="M4 4.586L1.707 2.293A1 1 0 1 0 .293 3.707l3 3a.997.997 0 0 0 1.414 0l5-5A1 1 0 1 0 8.293.293L4 4.586z"
                  fill="currentColor"
                  fill-rule="evenodd"
                />
              </svg>
            </div>
          </div>
        </td>
        <td
          style="width: 300px;"
        >
          Celpay
        </td>
        <td
          style="width: 400px;"
        >
          <div
            class="mantine-Text-root mantine-67rh7b"
          >
            20 XMR
          </div>
        </td>
        <td
          style="width: 400px; text-align: right;"
        >
          <div
            class="mantine-Text-root mantine-67rh7b"
          >
            USA
          </div>
        </td>
      </tr>
      <tr>
        <td
          style="width: 30px;"
        >
          <div
            class="mantine-Checkbox-root mantine-16ttirm"
          >
            <div
              class="mantine-qbjb2s mantine-Checkbox-inner"
            >
              <input
                class="mantine-1mvrtfa mantine-Checkbox-input"
                id="methodChecked-1"
                type="checkbox"
              />
              <svg
                class="__mantine-ref-icon mantine-180iq9w mantine-Checkbox-icon"
                fill="none"
                viewBox="0 0 10 7"
                xmlns="http://www.w3.org/2000/svg"
              >
                <path
                  clip-rule="evenodd"
                  d="M4 4.586L1.707 2.293A1 1 0 1 0 .293 3.707l3 3a.997.997 0 0 0 1.414 0l5-5A1 1 0 1 0 8.293.293L4 4.586z"
                  fill="currentColor"
                  fill-rule="evenodd"
                />
              </svg>
            </div>
          </div>
        </td>
        <td
          style="width: 300px;"
        >
          ACH
        </td>
        <td
          style="width: 400px;"
        >
          <div
            class="mantine-Text-root mantine-67rh7b"
          >
            40 XMR
          </div>
        </td>
        <td
          style="width: 400px; text-align: right;"
        >
          <div
            class="mantine-Text-root mantine-67rh7b"
          >
            Global (AUS, TRY, USD)
          </div>
        </td>
      </tr>
    </tbody>
  </table>
</DocumentFragment>
`;
