// Vitest Snapshot v1

exports[`atoms::TextInput > renders without exploding 1`] = `
<DocumentFragment>
  <div
    class="mantine-TextInput-root mantine-1m3pqry"
  >
    <label
      class="mantine-TextInput-label mantine-7802ha"
      for="textfield"
      id="textfield-label"
    >
      Email
    </label>
    <div
      class="mantine-TextInput-wrapper mantine-12sbrde"
    >
      <input
        aria-invalid="false"
        class="mantine-TextInput-defaultVariant mantine-TextInput-input mantine-yxlzy5"
        id="textfield"
        placeholder="johndoe@gmail.com"
        type="email"
      />
    </div>
  </div>
</DocumentFragment>
`;
