// Vitest Snapshot v1

exports[`molecules::SecondarySidebar > renders without exploding 1`] = `
<DocumentFragment>
  <div
    class="mantine-Stack-root mantine-lfk3cq"
  >
    <nav
      class="mantine-Navbar-root mantine-k1d20c"
    >
      <button
        class="mantine-UnstyledButton-root mantine-sfl8nt"
        type="button"
      >
        <div
          class="mantine-Group-root mantine-2jlg77"
        >
          <div
            class="mantine-Text-root mantine-Group-child mantine-1ayoq5h"
          >
            Active item
          </div>
        </div>
      </button>
      <button
        class="mantine-UnstyledButton-root mantine-ja4sdk"
        type="button"
      >
        <div
          class="mantine-Group-root mantine-2jlg77"
        >
          <div
            class="mantine-Text-root mantine-Group-child mantine-toslzp"
          >
            Inactive item
          </div>
        </div>
      </button>
      <button
        class="mantine-UnstyledButton-root mantine-sfl8nt"
        type="button"
      >
        <div
          class="mantine-Group-root mantine-2jlg77"
        >
          <div
            class="mantine-Text-root mantine-Group-child mantine-1ayoq5h"
          >
            Active item
          </div>
        </div>
      </button>
    </nav>
  </div>
</DocumentFragment>
`;
