// Vitest Snapshot v1

exports[`atoms::MoneroNodeListItem > renders without exploding 1`] = `
<DocumentFragment>
  <button
    class="mantine-UnstyledButton-root mantine-146e5sp"
    type="button"
  >
    <div
      class="mantine-Text-root mantine-jmvuvj"
    >
      node.moneroworldcom:18089:active
    </div>
    <div
      class="mantine-1d0mff5"
    >
      <div
        class="mantine-zy87za"
      />
    </div>
  </button>
  <button
    class="mantine-UnstyledButton-root mantine-9tasfa"
    type="button"
  >
    <div
      class="mantine-Text-root mantine-jmvuvj"
    >
      node.moneroworldcom:18089:inactive
    </div>
    <div
      class="mantine-1d0mff5"
    >
      <div
        class="mantine-19v6ci5"
      />
    </div>
  </button>
</DocumentFragment>
`;
