// Vitest Snapshot v1

exports[`atoms::Sync Status > renders the fully synced status 1`] = `
<DocumentFragment>
  <div
    class="mantine-Stack-root mantine-xkcyre"
  >
    <div
      class="mantine-Group-root mantine-i39wlo"
    >
      <span
        class="mantine-Group-child mantine-16wvh2m"
      />
      <div
        class="mantine-Text-root mantine-Group-child mantine-17p1w3"
      >
        Fully Synced
      </div>
    </div>
    <div
      class="mantine-Text-root mantine-1swgem8"
    >
      node.sethforprivacy.com
    </div>
  </div>
</DocumentFragment>
`;

exports[`atoms::Sync Status > renders the not synced status by default 1`] = `
<DocumentFragment>
  <div
    class="mantine-Stack-root mantine-xkcyre"
  >
    <div
      class="mantine-Group-root mantine-i39wlo"
    >
      <span
        class="mantine-Group-child mantine-1mmj0t1"
      />
      <div
        class="mantine-Text-root mantine-Group-child mantine-17p1w3"
      >
        Not Synced
      </div>
    </div>
    <div
      class="mantine-Text-root mantine-1swgem8"
    >
      node.sethforprivacy.com
    </div>
  </div>
</DocumentFragment>
`;

exports[`atoms::Sync Status > renders the sync in progress status 1`] = `
<DocumentFragment>
  <div
    class="mantine-Stack-root mantine-xkcyre"
  >
    <div
      class="mantine-Group-root mantine-i39wlo"
    >
      <span
        class="mantine-Group-child mantine-6c6x3l"
      />
      <div
        class="mantine-Text-root mantine-Group-child mantine-17p1w3"
      >
        Syncing
      </div>
    </div>
    <div
      class="mantine-Text-root mantine-1swgem8"
    >
      node.sethforprivacy.com
    </div>
  </div>
</DocumentFragment>
`;
