// Vitest Snapshot v1

exports[`atoms::Link > renders without exploding 1`] = `
<DocumentFragment>
  <a
    href="#/"
  >
    <span
      class="mantine-Text-root mantine-1o3tzv8"
    >
      Click me
    </span>
  </a>
</DocumentFragment>
`;
